// Jest Snapshot v1, https://goo.gl/fbAQLP

exports[`LoanForm should match snapshot 1`] = `
<DocumentFragment>
  <form>
    <div
      class="MuiPaper-root sc-AxhUy gCIszr MuiPaper-elevation3 MuiPaper-rounded"
    >
      <h2
        class="sc-AxiKw hsrZvz"
      >
        Start loan calculation
      </h2>
      <div
        class="MuiFormControl-root MuiTextField-root MuiFormControl-marginNormal"
      >
        <label
          class="MuiFormLabel-root MuiInputLabel-root MuiInputLabel-formControl MuiInputLabel-animated MuiInputLabel-outlined Mui-required Mui-required"
          data-shrink="false"
          for="price-input"
          id="price-input-label"
        >
          Vehicle price
          <span
            class="MuiFormLabel-asterisk MuiInputLabel-asterisk"
          >
             *
          </span>
        </label>
        <div
          class="MuiInputBase-root MuiOutlinedInput-root MuiInputBase-formControl"
        >
          <input
            aria-invalid="false"
            class="MuiInputBase-input MuiOutlinedInput-input"
            id="price-input"
            required=""
            type="number"
            value=""
          />
          <fieldset
            aria-hidden="true"
            class="PrivateNotchedOutline-root-87 MuiOutlinedInput-notchedOutline"
          >
            <legend
              class="PrivateNotchedOutline-legendLabelled-89"
            >
              <span>
                Vehicle price *
              </span>
            </legend>
          </fieldset>
        </div>
      </div>
      <div
        class="MuiFormControl-root MuiTextField-root MuiFormControl-marginNormal"
      >
        <label
          class="MuiFormLabel-root MuiInputLabel-root MuiInputLabel-formControl MuiInputLabel-animated MuiInputLabel-outlined Mui-required Mui-required"
          data-shrink="false"
          for="deposit-input"
          id="deposit-input-label"
        >
          Deposit
          <span
            class="MuiFormLabel-asterisk MuiInputLabel-asterisk"
          >
             *
          </span>
        </label>
        <div
          class="MuiInputBase-root MuiOutlinedInput-root MuiInputBase-formControl"
        >
          <input
            aria-describedby="deposit-input-helper-text"
            aria-invalid="false"
            class="MuiInputBase-input MuiOutlinedInput-input"
            id="deposit-input"
            required=""
            type="number"
            value=""
          />
          <fieldset
            aria-hidden="true"
            class="PrivateNotchedOutline-root-87 MuiOutlinedInput-notchedOutline"
          >
            <legend
              class="PrivateNotchedOutline-legendLabelled-89"
            >
              <span>
                Deposit *
              </span>
            </legend>
          </fieldset>
        </div>
        <p
          class="MuiFormHelperText-root MuiFormHelperText-contained Mui-required"
          id="deposit-input-helper-text"
        >
          Deposit value must beat least 15% of price: £0.00
        </p>
      </div>
      <div
        class="MuiFormControl-root MuiTextField-root MuiFormControl-marginNormal"
        format="dd/MM/yyyy"
      >
        <label
          class="MuiFormLabel-root MuiInputLabel-root MuiInputLabel-formControl MuiInputLabel-animated MuiInputLabel-shrink MuiInputLabel-outlined Mui-error Mui-error MuiFormLabel-filled"
          data-shrink="true"
          for="date-picker"
          id="date-picker-label"
        >
          Delivery date
        </label>
        <div
          class="MuiInputBase-root MuiOutlinedInput-root Mui-error Mui-error MuiInputBase-formControl"
        >
          <input
            aria-describedby="date-picker-helper-text"
            aria-invalid="true"
            class="MuiInputBase-input MuiOutlinedInput-input"
            id="date-picker"
            readonly=""
            type="text"
            value="20/02/2020"
          />
          <fieldset
            aria-hidden="true"
            class="PrivateNotchedOutline-root-87 MuiOutlinedInput-notchedOutline"
          >
            <legend
              class="PrivateNotchedOutline-legendLabelled-89 PrivateNotchedOutline-legendNotched-90"
            >
              <span>
                Delivery date
              </span>
            </legend>
          </fieldset>
        </div>
        <p
          class="MuiFormHelperText-root MuiFormHelperText-contained Mui-error MuiFormHelperText-filled"
          id="date-picker-helper-text"
        >
          Date should not be in the past
        </p>
      </div>
      <fieldset
        class="MuiFormControl-root MuiFormControl-marginNormal"
      >
        <legend
          class="MuiFormLabel-root"
        >
          Loan term
        </legend>
        <div
          aria-label="Loan term"
          class="MuiFormGroup-root sc-AxgMl jaInvp"
          role="radiogroup"
        >
          <label
            class="MuiFormControlLabel-root"
          >
            <span
              aria-disabled="false"
              class="MuiButtonBase-root MuiIconButton-root PrivateSwitchBase-root-131 MuiRadio-root MuiRadio-colorSecondary PrivateSwitchBase-checked-132 Mui-checked MuiIconButton-colorSecondary"
            >
              <span
                class="MuiIconButton-label"
              >
                <input
                  checked=""
                  class="PrivateSwitchBase-input-134"
                  name="loan term"
                  type="radio"
                  value="1"
                />
                <div
                  class="PrivateRadioButtonIcon-root-147 PrivateRadioButtonIcon-checked-149"
                >
                  <svg
                    aria-hidden="true"
                    class="MuiSvgIcon-root"
                    focusable="false"
                    role="presentation"
                    viewBox="0 0 24 24"
                  >
                    <path
                      d="M12 2C6.48 2 2 6.48 2 12s4.48 10 10 10 10-4.48 10-10S17.52 2 12 2zm0 18c-4.42 0-8-3.58-8-8s3.58-8 8-8 8 3.58 8 8-3.58 8-8 8z"
                    />
                  </svg>
                  <svg
                    aria-hidden="true"
                    class="MuiSvgIcon-root PrivateRadioButtonIcon-layer-148"
                    focusable="false"
                    role="presentation"
                    viewBox="0 0 24 24"
                  >
                    <path
                      d="M8.465 8.465C9.37 7.56 10.62 7 12 7C14.76 7 17 9.24 17 12C17 13.38 16.44 14.63 15.535 15.535C14.63 16.44 13.38 17 12 17C9.24 17 7 14.76 7 12C7 10.62 7.56 9.37 8.465 8.465Z"
                    />
                  </svg>
                </div>
              </span>
              <span
                class="MuiTouchRipple-root"
              />
            </span>
            <span
              class="MuiTypography-root MuiFormControlLabel-label MuiTypography-body1"
            >
              1 year
            </span>
          </label>
          <label
            class="MuiFormControlLabel-root"
          >
            <span
              aria-disabled="false"
              class="MuiButtonBase-root MuiIconButton-root PrivateSwitchBase-root-131 MuiRadio-root MuiRadio-colorSecondary MuiIconButton-colorSecondary"
            >
              <span
                class="MuiIconButton-label"
              >
                <input
                  class="PrivateSwitchBase-input-134"
                  name="loan term"
                  type="radio"
                  value="2"
                />
                <div
                  class="PrivateRadioButtonIcon-root-147"
                >
                  <svg
                    aria-hidden="true"
                    class="MuiSvgIcon-root"
                    focusable="false"
                    role="presentation"
                    viewBox="0 0 24 24"
                  >
                    <path
                      d="M12 2C6.48 2 2 6.48 2 12s4.48 10 10 10 10-4.48 10-10S17.52 2 12 2zm0 18c-4.42 0-8-3.58-8-8s3.58-8 8-8 8 3.58 8 8-3.58 8-8 8z"
                    />
                  </svg>
                  <svg
                    aria-hidden="true"
                    class="MuiSvgIcon-root PrivateRadioButtonIcon-layer-148"
                    focusable="false"
                    role="presentation"
                    viewBox="0 0 24 24"
                  >
                    <path
                      d="M8.465 8.465C9.37 7.56 10.62 7 12 7C14.76 7 17 9.24 17 12C17 13.38 16.44 14.63 15.535 15.535C14.63 16.44 13.38 17 12 17C9.24 17 7 14.76 7 12C7 10.62 7.56 9.37 8.465 8.465Z"
                    />
                  </svg>
                </div>
              </span>
              <span
                class="MuiTouchRipple-root"
              />
            </span>
            <span
              class="MuiTypography-root MuiFormControlLabel-label MuiTypography-body1"
            >
              2 years
            </span>
          </label>
          <label
            class="MuiFormControlLabel-root"
          >
            <span
              aria-disabled="false"
              class="MuiButtonBase-root MuiIconButton-root PrivateSwitchBase-root-131 MuiRadio-root MuiRadio-colorSecondary MuiIconButton-colorSecondary"
            >
              <span
                class="MuiIconButton-label"
              >
                <input
                  class="PrivateSwitchBase-input-134"
                  name="loan term"
                  type="radio"
                  value="3"
                />
                <div
                  class="PrivateRadioButtonIcon-root-147"
                >
                  <svg
                    aria-hidden="true"
                    class="MuiSvgIcon-root"
                    focusable="false"
                    role="presentation"
                    viewBox="0 0 24 24"
                  >
                    <path
                      d="M12 2C6.48 2 2 6.48 2 12s4.48 10 10 10 10-4.48 10-10S17.52 2 12 2zm0 18c-4.42 0-8-3.58-8-8s3.58-8 8-8 8 3.58 8 8-3.58 8-8 8z"
                    />
                  </svg>
                  <svg
                    aria-hidden="true"
                    class="MuiSvgIcon-root PrivateRadioButtonIcon-layer-148"
                    focusable="false"
                    role="presentation"
                    viewBox="0 0 24 24"
                  >
                    <path
                      d="M8.465 8.465C9.37 7.56 10.62 7 12 7C14.76 7 17 9.24 17 12C17 13.38 16.44 14.63 15.535 15.535C14.63 16.44 13.38 17 12 17C9.24 17 7 14.76 7 12C7 10.62 7.56 9.37 8.465 8.465Z"
                    />
                  </svg>
                </div>
              </span>
              <span
                class="MuiTouchRipple-root"
              />
            </span>
            <span
              class="MuiTypography-root MuiFormControlLabel-label MuiTypography-body1"
            >
              3 years
            </span>
          </label>
        </div>
      </fieldset>
      <br />
      <button
        class="MuiButtonBase-root MuiButton-root MuiButton-contained sc-AxjAm bixfS MuiButton-containedPrimary"
        tabindex="0"
        type="submit"
      >
        <span
          class="MuiButton-label"
        >
          Show results
        </span>
        <span
          class="MuiTouchRipple-root"
        />
      </button>
    </div>
  </form>
</DocumentFragment>
`;
